// Jest Snapshot v1, https://goo.gl/fbAQLP

exports[`Table renders 1`] = `
<table
  class="MuiTable-root DhigTable--verticalAlignment--top emotion-0"
>
  <tbody>
    <tr>
      <td>
        Foo
      </td>
    </tr>
  </tbody>
</table>
`;
