// Jest Snapshot v1, https://goo.gl/fbAQLP

exports[`Search mounts the search component 1`] = `
<input
  aria-autocomplete="list"
  aria-expanded="false"
  aria-invalid="false"
  autocapitalize="none"
  autocomplete="off"
  class="MuiInputBase-input MuiInput-input MuiInputBase-inputAdornedStart DhigSearch--input emotion-0"
  id="test-search"
  placeholder="Search..."
  role="combobox"
  spellcheck="false"
  type="text"
  value=""
/>
`;
