// Jest Snapshot v1, https://goo.gl/fbAQLP

exports[`Table row renders 1`] = `
<tr
  class="MuiTableRow-root DhigTableRow--enableInteractions emotion-0"
  role="button"
  tabindex="0"
>
  <td>
    Cell content
  </td>
</tr>
`;
