// Jest Snapshot v1, https://goo.gl/fbAQLP

exports[`Chip renders 1`] = `
<div>
  <div
    class="MuiChip-root MuiChip-filled MuiChip-sizeMedium MuiChip-colorDefault MuiChip-filledDefault emotion-0"
  >
    <span
      class="MuiChip-label MuiChip-labelMedium emotion-1"
    >
      Chip
    </span>
  </div>
</div>
`;
