// Jest Snapshot v1, https://goo.gl/fbAQLP

exports[`Combobox mounts the combobox component 1`] = `
<input
  aria-autocomplete="list"
  aria-expanded="false"
  aria-invalid="false"
  autocapitalize="none"
  autocomplete="off"
  class="MuiInputBase-input MuiInput-input MuiInputBase-inputAdornedEnd DhigCombobox--input emotion-0"
  id="test-combobox"
  placeholder=""
  role="combobox"
  spellcheck="false"
  type="text"
  value=""
/>
`;
