// Jest Snapshot v1, https://goo.gl/fbAQLP

exports[`Circular progress renders a circular progress 1`] = `
<div>
  <div
    class="MuiContainer-root MuiContainer-maxWidthLg DhigCircularProgress--wrapper emotion-0"
  >
    <div
      class="MuiContainer-root MuiContainer-maxWidthLg DhigCircularProgress--container emotion-1"
    >
      <span
        aria-valuenow="100"
        class="MuiCircularProgress-root DhigCircularProgress--background DhigCircularProgress--size--small MuiCircularProgress-determinate MuiCircularProgress-colorPrimary emotion-2"
        role="progressbar"
        style="transform: rotate(-90deg);"
      >
        <svg
          class="MuiCircularProgress-svg emotion-3"
          viewBox="22 22 44 44"
        >
          <circle
            class="MuiCircularProgress-circle MuiCircularProgress-circleDeterminate emotion-4"
            cx="44"
            cy="44"
            fill="none"
            r="20.2"
            stroke-width="3.6"
            style="stroke-dasharray: 126.920; stroke-dashoffset: 0.000px;"
          />
        </svg>
      </span>
      <span
        class="MuiCircularProgress-root DhigCircularProgress--foreground DhigCircularProgress--size--small MuiCircularProgress-indeterminate MuiCircularProgress-colorPrimary emotion-5"
        role="progressbar"
      >
        <svg
          class="MuiCircularProgress-svg emotion-3"
          viewBox="22 22 44 44"
        >
          <circle
            class="MuiCircularProgress-circle MuiCircularProgress-circleIndeterminate emotion-7"
            cx="44"
            cy="44"
            fill="none"
            r="20.2"
            stroke-width="3.6"
          />
        </svg>
      </span>
    </div>
  </div>
</div>
`;
