// Jest Snapshot v1, https://goo.gl/fbAQLP

exports[`Security code component renders 1`] = `
<div>
  <div
    style="display: flex; align-items: center;"
  >
    <div
      class="MuiInputBase-root MuiInput-root MuiInput-underline MuiInputBase-colorPrimary MuiInputBase-adornedEnd DhigSecurityCode emotion-0"
    >
      <input
        aria-label="Please enter OTP character 1"
        autocomplete="off"
        class="MuiInputBase-input MuiInput-input MuiInputBase-inputAdornedEnd emotion-1"
        maxlength="1"
        style="width: 1em; text-align: center;"
        type="text"
        value="1"
      />
      <hr
        class="MuiDivider-root MuiDivider-fullWidth MuiDivider-light MuiDivider-vertical emotion-2"
      />
    </div>
    <div
      class="MuiInputBase-root MuiInput-root MuiInput-underline MuiInputBase-colorPrimary MuiInputBase-adornedEnd DhigSecurityCode emotion-0"
    >
      <input
        aria-label="Please enter OTP character 2"
        autocomplete="off"
        class="MuiInputBase-input MuiInput-input MuiInputBase-inputAdornedEnd emotion-1"
        maxlength="1"
        style="width: 1em; text-align: center;"
        type="text"
        value="2"
      />
      <hr
        class="MuiDivider-root MuiDivider-fullWidth MuiDivider-light MuiDivider-vertical emotion-2"
      />
    </div>
    <div
      class="MuiInputBase-root MuiInput-root MuiInput-underline MuiInputBase-colorPrimary MuiInputBase-adornedEnd DhigSecurityCode emotion-0"
    >
      <input
        aria-label="Please enter OTP character 3"
        autocomplete="off"
        class="MuiInputBase-input MuiInput-input MuiInputBase-inputAdornedEnd emotion-1"
        maxlength="1"
        style="width: 1em; text-align: center;"
        type="text"
        value="3"
      />
      <hr
        class="MuiDivider-root MuiDivider-fullWidth MuiDivider-light MuiDivider-vertical emotion-2"
      />
    </div>
    <div
      class="MuiInputBase-root MuiInput-root MuiInput-underline MuiInputBase-colorPrimary MuiInputBase-adornedEnd DhigSecurityCode emotion-0"
    >
      <input
        aria-label="Please enter OTP character 4"
        autocomplete="off"
        class="MuiInputBase-input MuiInput-input MuiInputBase-inputAdornedEnd emotion-1"
        maxlength="1"
        style="width: 1em; text-align: center;"
        type="text"
        value="4"
      />
      <hr
        class="MuiDivider-root MuiDivider-fullWidth MuiDivider-light MuiDivider-vertical emotion-2"
      />
    </div>
    <div
      class="MuiInputBase-root MuiInput-root MuiInput-underline MuiInputBase-colorPrimary MuiInputBase-adornedEnd DhigSecurityCode emotion-0"
    >
      <input
        aria-label="Please enter OTP character 5"
        autocomplete="off"
        class="MuiInputBase-input MuiInput-input MuiInputBase-inputAdornedEnd emotion-1"
        maxlength="1"
        style="width: 1em; text-align: center;"
        type="text"
        value="4"
      />
      <hr
        class="MuiDivider-root MuiDivider-fullWidth MuiDivider-light MuiDivider-vertical emotion-2"
      />
    </div>
    <div
      class="MuiInputBase-root MuiInput-root MuiInput-underline MuiInputBase-colorPrimary MuiInputBase-adornedEnd DhigSecurityCode emotion-0"
    >
      <input
        aria-label="Please enter OTP character 6"
        autocomplete="off"
        class="MuiInputBase-input MuiInput-input MuiInputBase-inputAdornedEnd emotion-1"
        maxlength="1"
        style="width: 1em; text-align: center;"
        type="text"
        value="5"
      />
      <hr
        class="MuiDivider-root MuiDivider-fullWidth MuiDivider-light MuiDivider-vertical emotion-2"
      />
    </div>
  </div>
</div>
`;
