// Jest Snapshot v1, https://goo.gl/fbAQLP

exports[`Tailwind config generates correct theme values 1`] = `
Object {
  "borderRadius": Object {
    "DEFAULT": "1px",
    "large": "8px",
    "medium": "4px",
    "none": "0",
    "round": "9999px",
    "small": "2px",
  },
  "extend": Object {
    "borderWidth": Object {
      "DEFAULT": "1px",
      "large": "2px",
      "medium": "1px",
      "none": "0",
    },
    "height": Object {
      "0": "0",
      "1": "4px",
      "2": "8px",
      "3": "12px",
      "4": "16px",
      "5": "20px",
      "6": "24px",
      "7": "32px",
      "8": "48px",
      "9": "64px",
    },
    "spacing": Object {
      "0": "0",
      "1": "4px",
      "2": "8px",
      "3": "12px",
      "4": "16px",
      "5": "20px",
      "6": "24px",
      "7": "32px",
      "8": "48px",
      "9": "64px",
    },
    "width": Object {
      "0": "0",
      "1": "4px",
      "2": "8px",
      "3": "12px",
      "4": "16px",
      "5": "20px",
      "6": "24px",
      "7": "32px",
      "8": "48px",
      "9": "64px",
    },
  },
  "fontFamily": Object {
    "code": "courier",
    "default": "ArtifaktElement, Arial, sans-serif",
    "display": "ArtifaktLegend",
  },
  "fontSize": Object {
    "1": "0.75rem",
    "10": "clamp(2.625rem, calc(1.58rem + 4.63vw), 5.75rem)",
    "2": "0.875rem",
    "3": "1rem",
    "4": "clamp(1.125rem, calc(1.06rem + 0.278vw), 1.3125rem)",
    "5": "clamp(1.3125rem, calc(1.21rem + 0.463vw), 1.625rem)",
    "6": "clamp(1.5rem, calc(1.29rem + 0.926vw), 2.125rem)",
    "7": "clamp(1.75rem, calc(1.42rem + 1.48vw), 2.75rem)",
    "8": "clamp(2rem, calc(1.50rem + 2.22vw), 3.5rem)",
    "9": "clamp(2.3125rem, calc(1.58rem + 3.24vw), 4.5rem)",
  },
  "fontWeight": Object {
    "default": 400,
    "display": 800,
    "emphasized": 700,
    "stout": 600,
  },
  "lineHeight": Object {
    "DEFAULT": "1.5",
    "compact": "1.25",
    "default": "1.5",
    "tight": "1.2",
  },
  "opacity": Object {
    "opaque": 1,
    "semi-transparent": 0.4,
    "transparent": 0,
  },
  "screens": Object {
    "lg": "1040px",
    "md": "560px",
    "sm": "0px",
    "xl": "1520px",
    "xs": "0px",
  },
  "transitionDuration": Object {
    "0": "0ms",
    "1": "125ms",
    "2": "187.5ms",
    "3": "250ms",
    "4": "312.5ms",
    "5": "375ms",
  },
  "transitionTimingFunction": Object {
    "energetic": "cubic-bezier(0.2, 0, 0.4, 1)",
    "slow-down": "cubic-bezier(0, 0, 0.4, 1)",
    "smooth": "cubic-bezier(0.2, 0, 0.8, 1)",
    "speed-up": "cubic-bezier(0.6, 0, 1, 1)",
  },
}
`;

exports[`Tailwind config generates expected CSS variables for both themes 1`] = `
Array [
  Array [
    Object {
      ":root, .theme-light": Object {
        "--color--activated-fill-subtle": "rgb(0, 0, 0, 0.03)",
        "--color--activated-fill-subtle-on-fill-primary": "rgb(255, 255, 255, 0.08)",
        "--color--activated-hover-fill-subtle": "rgb(0, 0, 0, 0.09)",
        "--color--activated-hover-fill-subtle-on-fill-primary": "rgb(255, 255, 255, 0.12)",
        "--color--activated-pressed-fill-subtle": "rgb(0, 0, 0, 0.15)",
        "--color--activated-pressed-fill-subtle-on-fill-primary": "rgb(255, 255, 255, 0.16)",
        "--color--backdrop-30": "rgb(0, 0, 0, 0.3)",
        "--color--backdrop-60": "rgb(0, 0, 0, 0.6)",
        "--color--backdrop-85": "rgb(0, 0, 0, 0.85)",
        "--color--background": "rgb(255, 255, 255)",
        "--color--background-40": "rgb(255, 255, 255, 0.4)",
        "--color--background-panel": "rgb(249, 249, 249)",
        "--color--background-panel-distinct": "rgb(242, 242, 242)",
        "--color--detail-1-20": "rgb(204, 204, 204, 0.2)",
        "--color--detail-1-40": "rgb(204, 204, 204, 0.4)",
        "--color--detail-1-40-transparent": "rgb(0, 0, 0, 0.08)",
        "--color--detail-1-opaque": "rgb(204, 204, 204)",
        "--color--detail-1-opaque-50": "rgb(229, 229, 229)",
        "--color--detail-1-transparent": "rgb(0, 0, 0, 0.2)",
        "--color--detail-2-40": "rgb(102, 102, 102, 0.4)",
        "--color--detail-2-opaque": "rgb(102, 102, 102)",
        "--color--detail-2-transparent": "rgb(0, 0, 0, 0.6)",
        "--color--divider-0": "rgb(229, 229, 229)",
        "--color--divider-1": "rgb(128, 128, 128)",
        "--color--fade-gradient-opaque": "rgb(255, 255, 255)",
        "--color--fade-gradient-semi-opaque": "rgb(255, 255, 255, 0.85)",
        "--color--fade-gradient-semi-transparent": "rgb(255, 255, 255, 0.15)",
        "--color--fade-gradient-transparent": "rgb(255, 255, 255, 0)",
        "--color--field-fill": "rgb(255, 255, 255)",
        "--color--fill-alert": "rgb(217, 85, 41)",
        "--color--fill-alert-slight": "rgb(217, 85, 41, 0.1)",
        "--color--fill-elevation-0": "rgb(255, 255, 255)",
        "--color--fill-elevation-1": "rgb(255, 255, 255)",
        "--color--fill-elevation-2": "rgb(255, 255, 255)",
        "--color--fill-elevation-3": "rgb(255, 255, 255)",
        "--color--fill-engage": "rgb(95, 96, 255)",
        "--color--fill-engage-slight": "rgb(95, 96, 255, 0.1)",
        "--color--fill-error": "rgb(195, 73, 34)",
        "--color--fill-inverse-tint": "rgb(51, 51, 51)",
        "--color--fill-primary": "rgb(0, 0, 0)",
        "--color--fill-soft-gray-transparent": "rgb(191, 191, 191, 0.3)",
        "--color--fill-success": "rgb(43, 194, 117)",
        "--color--fill-success-slight": "rgb(43, 194, 117, 0.1)",
        "--color--fill-urgent": "rgb(195, 73, 34)",
        "--color--fill-warning": "rgb(255, 194, 26)",
        "--color--fill-warning-slight": "rgb(255, 194, 26, 0.1)",
        "--color--hover-fill-subtle": "rgb(0, 0, 0, 0.03)",
        "--color--hover-fill-subtle-on-fill-primary": "rgb(0, 0, 0, 0.08)",
        "--color--ink-error": "rgb(195, 73, 34)",
        "--color--ink-focus": "rgb(95, 96, 255)",
        "--color--ink-hover": "rgb(128, 128, 255)",
        "--color--ink-on-background": "rgb(0, 0, 0)",
        "--color--ink-on-background-60": "rgb(0, 0, 0, 0.6)",
        "--color--ink-on-background-disabled": "rgb(0, 0, 0, 0.4)",
        "--color--ink-on-dark": "rgb(255, 255, 255)",
        "--color--ink-on-fill-alert": "rgb(255, 255, 255)",
        "--color--ink-on-fill-engage": "rgb(255, 255, 255)",
        "--color--ink-on-fill-primary": "rgb(255, 255, 255)",
        "--color--ink-on-fill-success": "rgb(0, 0, 0)",
        "--color--ink-on-fill-warning": "rgb(0, 0, 0)",
        "--color--ink-on-light": "rgb(0, 0, 0)",
        "--color--ink-pressed": "rgb(43, 194, 117)",
        "--color--ink-success": "rgb(0, 168, 93)",
        "--color--pressed-fill-subtle": "rgb(0, 0, 0, 0.09)",
        "--color--pressed-fill-subtle-on-fill-primary": "rgb(255, 255, 255, 0.12)",
        "--color--row-divider": "rgb(0, 0, 0, 0.1)",
        "--color--row-focus": "rgb(95, 96, 255)",
        "--color--row-highlighted": "rgb(95, 96, 255, 0.05)",
        "--color--row-highlighted-focus": "rgb(95, 96, 255, 0.05)",
        "--color--row-highlighted-hover": "rgb(95, 96, 255, 0.08)",
        "--color--row-highlighted-pressed": "rgb(95, 96, 255, 0.14)",
        "--color--row-highlighted-selected-focus": "rgb(95, 96, 255, 0.08)",
        "--color--row-highlighted-selected-loud": "rgb(95, 96, 255, 0.15)",
        "--color--row-highlighted-selected-pressed": "rgb(95, 96, 255, 0.17)",
        "--color--row-hover": "rgb(0, 0, 0, 0.03)",
        "--color--row-hover-zebra": "rgb(0, 0, 0, 0.05)",
        "--color--row-pressed": "rgb(0, 0, 0, 0.09)",
        "--color--row-selected": "rgb(0, 0, 0, 0.03)",
        "--color--row-selected-focus": "rgb(0, 0, 0, 0.03)",
        "--color--row-selected-highlighted": "rgb(95, 96, 255, 0.08)",
        "--color--row-selected-highlighted-hover": "rgb(95, 96, 255, 0.11)",
        "--color--row-selected-hover": "rgb(0, 0, 0, 0.06)",
        "--color--row-selected-loud": "rgb(95, 96, 255, 0.1)",
        "--color--row-selected-pressed": "rgb(0, 0, 0, 0.12)",
        "--color--search-field-fill": "rgb(0, 0, 0, 0.04)",
        "--color--search-field-fill-on-fill-primary": "rgb(255, 255, 255, 0.12)",
        "--color--text-link-loud": "rgb(68, 68, 248)",
        "--color--text-link-loud-hover": "rgb(44, 44, 140)",
        "--color--text-link-loud-pressed": "rgb(128, 128, 255)",
        "--color--text-link-visited": "rgb(102, 102, 102)",
        "--color--text-on-background": "rgb(33, 33, 33)",
        "--color--text-on-fill-primary": "rgb(222, 222, 222)",
        "--gradient--fill-category-title": "linear-gradient(180deg, rgba(255,255,255,1) 0%, rgba(255,255,255,1) 83%, rgba(255,255,255,0) 100%)",
        "--gradient--hover-gradient-fill": "radial-gradient(65.63% 63.74% at 91.94% 0%, rgba(128, 128, 255, 0.15) 0%, rgba(128, 128, 255, 0) 100%)",
        "--gradient--hover-gradient-fill-on-image": "radial-gradient(65.63% 63.74% at 91.94% 0%, rgba(255, 255, 255, 0.15) 0%, rgba(255, 255, 255, 0) 100%)",
        "--gradient--hover-gradient-stroke": "radial-gradient(65.63% 63.74% at 91.94% 0%, #8080FF 0%, rgba(128, 128, 255, 0) 100%)",
        "--gradient--pressed-gradient-fill": "radial-gradient(65.63% 63.74% at 91.94% 0%, rgba(43, 194, 117, 0.15) 0%, rgba(43, 194, 117, 0) 100%)",
        "--gradient--pressed-gradient-fill-on-image": "radial-gradient(65.63% 63.74% at 91.94% 0%, rgba(0, 0, 0, 0.15) 0%, rgba(0, 0, 0, 0) 100%)",
        "--gradient--pressed-gradient-stroke": "radial-gradient(65.63% 63.74% at 91.94% 0%, #2BC275 0%, rgba(43, 194, 117, 0) 100%)",
        "--gradient--row-activated-loud-reverse": "linear-gradient(90deg, rgba(95, 96, 255, 0.03) 0%, rgba(95, 96, 255, 0.1) 100%)",
        "--gradient--row-highlighted-activated-loud-reverse": "linear-gradient(90deg, rgba(95, 96, 255, 0.03) 0%, rgba(95, 96, 255, 0.1) 100%), rgba(95, 96, 255, 0.05)",
        "--gradient--row-highlighted-hover-loud": "linear-gradient(90deg, rgba(95, 96, 255, 0.1) 0%, rgba(95, 96, 255, 0.0003) 100%), rgba(95, 96, 255, 0.05)",
        "--gradient--row-highlighted-hover-loud-reverse": "linear-gradient(90deg, rgba(95, 96, 255, 0.0003) 0%, rgba(95, 96, 255, 0.1) 100%), rgba(95, 96, 255, 0.05)",
        "--gradient--row-highlighted-pressed-loud": "linear-gradient(90deg, rgba(43, 194, 117, 0.1) 0%, rgba(43, 194, 117, 0.0003) 100%), rgba(43, 194, 117, 0.05)",
        "--gradient--row-highlighted-pressed-loud-reverse": "linear-gradient(90deg, rgba(43, 194, 117, 0.0003) 0%, rgba(43, 194, 117, 0.1) 100%), rgba(43, 194, 117, 0.05)",
        "--gradient--row-highlighted-selected-activated-loud-reverse": "linear-gradient(90deg, rgba(95, 96, 255, 0.03) 0%, rgba(95, 96, 255, 0.1) 100%), rgba(95, 96, 255, 0.15)",
        "--gradient--row-highlighted-selected-hover-loud": "linear-gradient(90deg, rgba(95, 96, 255, 0.1) 0%, rgba(95, 96, 255, 0.0003) 100%), rgba(95, 96, 255, 0.15)",
        "--gradient--row-highlighted-selected-hover-loud-reverse": "linear-gradient(90deg, rgba(95, 96, 255, 0.0003) 0%, rgba(95, 96, 255, 0.1) 100%), rgba(95, 96, 255, 0.15)",
        "--gradient--row-highlighted-selected-pressed-loud": "linear-gradient(90deg, rgba(43, 194, 117, 0.1) 0%, rgba(43, 194, 117, 0.0003) 100%), rgba(43, 194, 117, 0.15)",
        "--gradient--row-highlighted-selected-pressed-loud-reverse": "linear-gradient(90deg, rgba(43, 194, 117, 0.0003) 0%, rgba(43, 194, 117, 0.1) 100%), rgba(43, 194, 117, 0.15)",
        "--gradient--row-hover-loud-reverse": "linear-gradient(90deg, rgba(95, 96, 255, 0.0003) 0%, rgba(95, 96, 255, 0.1) 100%)",
        "--gradient--row-pressed-loud-reverse": "linear-gradient(90deg, rgba(43, 194, 117, 0.0003) 0%, rgba(43, 194, 117, 0.1) 100%)",
        "--gradient--row-selected-activated-loud-reverse": "linear-gradient(90deg, rgba(95, 96, 255, 0.03) 0%, rgba(95, 96, 255, 0.1) 100%), rgba(95, 96, 255, 0.1)",
        "--gradient--row-selected-hover-loud": "linear-gradient(90deg, rgba(95, 96, 255, 0.1) 0%, rgba(95, 96, 255, 0.0003) 100%), rgba(95, 96, 255, 0.1)",
        "--gradient--row-selected-hover-loud-reverse": "linear-gradient(90deg, rgba(95, 96, 255, 0.0003) 0%, rgba(95, 96, 255, 0.1) 100%), rgba(95, 96, 255, 0.1)",
        "--gradient--row-selected-pressed-loud": "linear-gradient(90deg, rgba(43, 194, 117, 0.1) 0%, rgba(43, 194, 117, 0.0003) 100%), rgba(43, 194, 117, 0.1)",
        "--gradient--row-selected-pressed-loud-reverse": "linear-gradient(90deg, rgba(43, 194, 117, 0.0003) 0%, rgba(43, 194, 117, 0.1) 100%), rgba(43, 194, 117, 0.1)",
        "--shadow--container-0": "0px 0px 0px 1px rgb(0, 0, 0, 0.1) inset",
        "--shadow--container-0-outside": "0px 0px 0px 1px rgb(0, 0, 0, 0.1)",
        "--shadow--container-1": "0px 0px 0px 1px rgba(204, 204, 204, 0.5) inset, 0px -1px 0px 0px #666666 inset",
        "--shadow--divider-0-bottom": "0px -1px 0px 0px rgb(0, 0, 0, 0.1) inset",
        "--shadow--divider-0-bottom-on-fill-primary": "0px -1px 0px 0px rgba(255, 255, 255, 0.2) inset",
        "--shadow--divider-0-left": "1px 0px 0px 0px rgb(0, 0, 0, 0.1) inset",
        "--shadow--divider-0-top": "0px 1px 0px 0px rgb(0, 0, 0, 0.1) inset",
        "--shadow--divider-0-top-bottom": "0px -1px 0px 0px rgb(0, 0, 0, 0.1) inset, 0px 1px 0px 0px rgb(0, 0, 0, 0.1) inset",
        "--shadow--elevation-0-dropdown": "0px 2px 0px 0px rgba(0, 0, 0, 0.6), 0px 1px 0px 0px rgba(0, 0, 0, 0.3) inset, -1px 0px 0px 0px rgba(0, 0, 0, 0.3) inset, 1px 0px 0px 0px rgba(0, 0, 0, 0.3) inset",
        "--shadow--elevation-0-popover": "0px 2px 0px 0px rgba(0, 0, 0, 0.6), 0px 1px 0px 0px rgba(0, 0, 0, 0.3) inset, 1px 0px 0px 0px rgba(0, 0, 0, 0.3) inset, -1px 0px 0px 0px rgba(0, 0, 0, 0.3) inset",
        "--shadow--elevation-1": "0px 3px 0px 0px #000000, 0px 0px 0px 1px #000000 inset",
        "--shadow--field-default": "0px -1px 0px 0px #000000 inset, 0px 0px 0px 1px rgba(0, 0, 0, 0.3) inset",
        "--shadow--field-error": "0px -1px 0px 0px #d74e26 inset, 0px 0px 0px 1px #d74e26 inset",
        "--shadow--focus-ring": "0px 0px 0px 3px #5f60ff, 0px 0px 0px 1px rgb(255, 255, 255)",
        "--shadow--focus-ring-reverse": "0px 0px 0px 1px rgb(255, 255, 255), 0px 0px 0px 3px #5f60ff",
        "--shadow--focus-ring-thin": "0px 0px 0px 2px #5f60ff, 0px 0px 0px 1px rgb(255, 255, 255)",
        "--shadow--halo-alarm-hover": "0px 0px 0px 1px #f0886a",
        "--shadow--halo-alarm-pressed": "0px 0px 0px 2px #f0886a",
        "--shadow--halo-engage-hover": "0px 0px 0px 1px #9b9cfd",
        "--shadow--halo-engage-pressed": "0px 0px 0px 2px #9b9cfd",
        "--shadow--halo-hover": "0px 0px 0px 1px #8080ff",
        "--shadow--halo-pressed": "0px 0px 0px 2px #2bc275",
        "--shadow--halo-success-hover": "0px 0px 0px 1px #9cd5b8",
        "--shadow--halo-success-pressed": "0px 0px 0px 2px #9cd5b8",
        "--shadow--hover-halo-inwards": "0px 0px 0px 1px #8080ff inset",
        "--shadow--tab-highlight-bottom": "0px -2px 0px 0px rgb(0, 0, 0) inset",
        "--shadow--tab-highlight-bottom-on-fill-primary": "0px -2px 0px 0px rgb(255, 255, 255) inset",
        "--shadow--tab-highlight-left": "2px 0px 0px 0px rgb(0, 0, 0) inset",
        "--shadow--tab-highlight-top": "0px 2px 0px 0px rgb(0, 0, 0) inset",
        "--shadow--underline": "0px -1px 0px 0px rgb(0, 0, 0) inset",
        "background": "rgb(255, 255, 255)",
        "color": "rgb(33, 33, 33)",
      },
    },
    Object {
      ".theme-dark": Object {
        "--color--activated-fill-subtle": "rgb(255, 255, 255, 0.08)",
        "--color--activated-fill-subtle-on-fill-primary": "rgb(0, 0, 0, 0.03)",
        "--color--activated-hover-fill-subtle": "rgb(255, 255, 255, 0.12)",
        "--color--activated-hover-fill-subtle-on-fill-primary": "rgb(0, 0, 0, 0.09)",
        "--color--activated-pressed-fill-subtle": "rgb(255, 255, 255, 0.16)",
        "--color--activated-pressed-fill-subtle-on-fill-primary": "rgb(0, 0, 0, 0.15)",
        "--color--backdrop-30": "rgb(255, 255, 255, 0.3)",
        "--color--backdrop-60": "rgb(0, 0, 0, 0.6)",
        "--color--backdrop-85": "rgb(0, 0, 0, 0.85)",
        "--color--background": "rgb(0, 0, 0)",
        "--color--background-40": "rgb(0, 0, 0, 0.4)",
        "--color--background-panel": "rgb(22, 22, 22)",
        "--color--background-panel-distinct": "rgb(33, 33, 33)",
        "--color--detail-1-20": "rgb(102, 102, 102, 0.2)",
        "--color--detail-1-40": "rgb(102, 102, 102, 0.4)",
        "--color--detail-1-40-transparent": "rgb(255, 255, 255, 0.16)",
        "--color--detail-1-opaque": "rgb(102, 102, 102)",
        "--color--detail-1-opaque-50": "rgb(51, 51, 51)",
        "--color--detail-1-transparent": "rgb(255, 255, 255, 0.2)",
        "--color--detail-2-40": "rgb(204, 204, 204, 0.4)",
        "--color--detail-2-opaque": "rgb(204, 204, 204)",
        "--color--detail-2-transparent": "rgb(255, 255, 255, 0.6)",
        "--color--divider-0": "rgb(51, 51, 51)",
        "--color--divider-1": "rgb(128, 128, 128)",
        "--color--fade-gradient-opaque": "rgb(0, 0, 0)",
        "--color--fade-gradient-semi-opaque": "rgb(0, 0, 0, 0.85)",
        "--color--fade-gradient-semi-transparent": "rgb(0, 0, 0, 0.15)",
        "--color--fade-gradient-transparent": "rgb(0, 0, 0, 0)",
        "--color--field-fill": "rgb(255, 255, 255, 0.05)",
        "--color--fill-alert": "rgb(217, 85, 41)",
        "--color--fill-alert-slight": "rgb(217, 85, 41, 0.2)",
        "--color--fill-elevation-0": "rgb(22, 22, 22)",
        "--color--fill-elevation-1": "rgb(38, 38, 38)",
        "--color--fill-elevation-2": "rgb(51, 51, 51)",
        "--color--fill-elevation-3": "rgb(0, 0, 0)",
        "--color--fill-engage": "rgb(95, 96, 255)",
        "--color--fill-engage-slight": "rgb(95, 96, 255, 0.2)",
        "--color--fill-error": "rgb(217, 85, 41)",
        "--color--fill-inverse-tint": "rgb(249, 249, 249)",
        "--color--fill-primary": "rgb(255, 255, 255)",
        "--color--fill-soft-gray-transparent": "rgb(191, 191, 191, 0.3)",
        "--color--fill-success": "rgb(43, 194, 117)",
        "--color--fill-success-slight": "rgb(43, 194, 117, 0.2)",
        "--color--fill-urgent": "rgb(217, 85, 41)",
        "--color--fill-warning": "rgb(255, 194, 26)",
        "--color--fill-warning-slight": "rgb(255, 194, 26, 0.2)",
        "--color--hover-fill-subtle": "rgb(255, 255, 255, 0.08)",
        "--color--hover-fill-subtle-on-fill-primary": "rgb(0, 0, 0, 0.03)",
        "--color--ink-error": "rgb(217, 85, 41)",
        "--color--ink-focus": "rgb(95, 96, 255)",
        "--color--ink-hover": "rgb(128, 128, 255)",
        "--color--ink-on-background": "rgb(255, 255, 255)",
        "--color--ink-on-background-60": "rgb(255, 255, 255, 0.6)",
        "--color--ink-on-background-disabled": "rgb(255, 255, 255, 0.4)",
        "--color--ink-on-dark": "rgb(255, 255, 255)",
        "--color--ink-on-fill-alert": "rgb(255, 255, 255)",
        "--color--ink-on-fill-engage": "rgb(255, 255, 255)",
        "--color--ink-on-fill-primary": "rgb(0, 0, 0)",
        "--color--ink-on-fill-success": "rgb(0, 0, 0)",
        "--color--ink-on-fill-warning": "rgb(0, 0, 0)",
        "--color--ink-on-light": "rgb(0, 0, 0)",
        "--color--ink-pressed": "rgb(43, 194, 117)",
        "--color--ink-success": "rgb(0, 168, 93)",
        "--color--pressed-fill-subtle": "rgb(255, 255, 255, 0.12)",
        "--color--pressed-fill-subtle-on-fill-primary": "rgb(0, 0, 0, 0.09)",
        "--color--row-divider": "rgb(255, 255, 255, 0.2)",
        "--color--row-focus": "rgb(95, 96, 255)",
        "--color--row-highlighted": "rgb(95, 96, 255, 0.11)",
        "--color--row-highlighted-focus": "rgb(95, 96, 255, 0.05)",
        "--color--row-highlighted-hover": "rgb(95, 96, 255, 0.08)",
        "--color--row-highlighted-pressed": "rgb(95, 96, 255, 0.14)",
        "--color--row-highlighted-selected-focus": "rgb(95, 96, 255, 0.08)",
        "--color--row-highlighted-selected-loud": "rgb(95, 96, 255, 0.21)",
        "--color--row-highlighted-selected-pressed": "rgb(95, 96, 255, 0.17)",
        "--color--row-hover": "rgb(0, 0, 0, 0.03)",
        "--color--row-hover-zebra": "rgb(0, 0, 0, 0.05)",
        "--color--row-pressed": "rgb(0, 0, 0, 0.09)",
        "--color--row-selected": "rgb(0, 0, 0, 0.03)",
        "--color--row-selected-focus": "rgb(0, 0, 0, 0.03)",
        "--color--row-selected-highlighted": "rgb(95, 96, 255, 0.08)",
        "--color--row-selected-highlighted-hover": "rgb(95, 96, 255, 0.11)",
        "--color--row-selected-hover": "rgb(0, 0, 0, 0.06)",
        "--color--row-selected-loud": "rgb(95, 96, 255, 0.16)",
        "--color--row-selected-pressed": "rgb(0, 0, 0, 0.12)",
        "--color--search-field-fill": "rgb(255, 255, 255, 0.12)",
        "--color--search-field-fill-on-fill-primary": "rgb(0, 0, 0, 0.04)",
        "--color--text-link-loud": "rgb(189, 189, 255)",
        "--color--text-link-loud-hover": "rgb(224, 224, 255)",
        "--color--text-link-loud-pressed": "rgb(155, 156, 253)",
        "--color--text-link-visited": "rgb(170, 170, 170)",
        "--color--text-on-background": "rgb(222, 222, 222)",
        "--color--text-on-fill-primary": "rgb(33, 33, 33)",
        "--gradient--fill-category-title": "linear-gradient(180deg, rgba(23,23,23,1) 0%, rgba(23,23,23,1) 83%, rgba(23,23,23,0) 100%)",
        "--gradient--hover-gradient-fill": "radial-gradient(65.63% 63.74% at 91.94% 0%, rgba(128, 128, 255, 0.15) 0%, rgba(128, 128, 255, 0) 100%)",
        "--gradient--hover-gradient-fill-on-image": "radial-gradient(65.63% 63.74% at 91.94% 0%, rgba(255, 255, 255, 0.15) 0%, rgba(255, 255, 255, 0) 100%)",
        "--gradient--hover-gradient-stroke": "radial-gradient(65.63% 63.74% at 91.94% 0%, #8080FF 0%, rgba(128, 128, 255, 0) 100%)",
        "--gradient--pressed-gradient-fill": "radial-gradient(65.63% 63.74% at 91.94% 0%, rgba(43, 194, 117, 0.15) 0%, rgba(43, 194, 117, 0) 100%)",
        "--gradient--pressed-gradient-fill-on-image": "radial-gradient(65.63% 63.74% at 91.94% 0%, rgba(0, 0, 0, 0.15) 0%, rgba(0, 0, 0, 0) 100%)",
        "--gradient--pressed-gradient-stroke": "radial-gradient(65.63% 63.74% at 91.94% 0%, #2BC275 0%, rgba(43, 194, 117, 0) 100%)",
        "--gradient--row-activated-loud-reverse": "linear-gradient(90deg, rgba(95, 96, 255, 0.048) 0%, rgba(95, 96, 255, 0.16) 100%)",
        "--gradient--row-highlighted-activated-loud-reverse": "linear-gradient(90deg, rgba(95, 96, 255, 0.048) 0%, rgba(95, 96, 255, 0.16) 100%), rgba(95, 96, 255, 0.11)",
        "--gradient--row-highlighted-hover-loud": "linear-gradient(90deg, rgba(95, 96, 255, 0.16) 0%, rgba(95, 96, 255, 0.00048) 100%), rgba(95, 96, 255, 0.11)",
        "--gradient--row-highlighted-hover-loud-reverse": "linear-gradient(90deg, rgba(95, 96, 255, 0.00048) 0%, rgba(95, 96, 255, 0.16) 100%), rgba(95, 96, 255, 0.11)",
        "--gradient--row-highlighted-pressed-loud": "linear-gradient(90deg, rgba(43, 194, 117, 0.16) 0%, rgba(43, 194, 117, 0.00048) 100%), rgba(43, 194, 117, 0.11)",
        "--gradient--row-highlighted-pressed-loud-reverse": "linear-gradient(90deg, rgba(43, 194, 117, 0.00048) 0%, rgba(43, 194, 117, 0.16) 100%), rgba(43, 194, 117, 0.11)",
        "--gradient--row-highlighted-selected-activated-loud-reverse": "linear-gradient(90deg, rgba(95, 96, 255, 0.048) 0%, rgba(95, 96, 255, 0.16) 100%), rgba(95, 96, 255, 0.21)",
        "--gradient--row-highlighted-selected-hover-loud": "linear-gradient(90deg, rgba(95, 96, 255, 0.16) 0%, rgba(95, 96, 255, 0.00048) 100%), rgba(95, 96, 255, 0.21)",
        "--gradient--row-highlighted-selected-hover-loud-reverse": "linear-gradient(90deg, rgba(95, 96, 255, 0.00048) 0%, rgba(95, 96, 255, 0.16) 100%), rgba(95, 96, 255, 0.21)",
        "--gradient--row-highlighted-selected-pressed-loud": "linear-gradient(90deg, rgba(43, 194, 117, 0.16) 0%, rgba(43, 194, 117, 0.00048) 100%), rgba(43, 194, 117, 0.21)",
        "--gradient--row-highlighted-selected-pressed-loud-reverse": "linear-gradient(90deg, rgba(43, 194, 117, 0.00048) 0%, rgba(43, 194, 117, 0.16) 100%), rgba(43, 194, 117, 0.21)",
        "--gradient--row-hover-loud-reverse": "linear-gradient(90deg, rgba(95, 96, 255, 0.00048) 0%, rgba(95, 96, 255, 0.16) 100%)",
        "--gradient--row-pressed-loud-reverse": "linear-gradient(90deg, rgba(43, 194, 117, 0.00048) 0%, rgba(43, 194, 117, 0.16) 100%)",
        "--gradient--row-selected-activated-loud-reverse": "linear-gradient(90deg, rgba(95, 96, 255, 0.048) 0%, rgba(95, 96, 255, 0.16) 100%), rgba(95, 96, 255, 0.16)",
        "--gradient--row-selected-hover-loud": "linear-gradient(90deg, rgba(95, 96, 255, 0.16) 0%, rgba(95, 96, 255, 0.00048) 100%), rgba(95, 96, 255, 0.16)",
        "--gradient--row-selected-hover-loud-reverse": "linear-gradient(90deg, rgba(95, 96, 255, 0.00048) 0%, rgba(95, 96, 255, 0.16) 100%), rgba(95, 96, 255, 0.16)",
        "--gradient--row-selected-pressed-loud": "linear-gradient(90deg, rgba(43, 194, 117, 0.16) 0%, rgba(43, 194, 117, 0.00048) 100%), rgba(43, 194, 117, 0.16)",
        "--gradient--row-selected-pressed-loud-reverse": "linear-gradient(90deg, rgba(43, 194, 117, 0.00048) 0%, rgba(43, 194, 117, 0.16) 100%), rgba(43, 194, 117, 0.16)",
        "--shadow--container-0": "0px 0px 0px 1px rgb(255, 255, 255, 0.2) inset",
        "--shadow--container-0-outside": "0px 0px 0px 1px rgb(255, 255, 255, 0.2)",
        "--shadow--container-1": "0px 0px 0px 1px rgba(102, 102, 102, 0.5) inset, 0px 1px 0px 0px #808080 inset",
        "--shadow--divider-0-bottom": "0px -1px 0px 0px rgb(255, 255, 255, 0.2) inset",
        "--shadow--divider-0-bottom-on-fill-primary": "0px -1px 0px 0px rgba(0, 0, 0, 0.1) inset",
        "--shadow--divider-0-left": "1px 0px 0px 0px rgb(255, 255, 255, 0.2) inset",
        "--shadow--divider-0-top": "0px 1px 0px 0px rgb(255, 255, 255, 0.2) inset",
        "--shadow--divider-0-top-bottom": "0px -1px 0px 0px rgb(255, 255, 255, 0.2) inset, 0px 1px 0px 0px rgb(255, 255, 255, 0.2) inset",
        "--shadow--elevation-0-dropdown": "0px 0px 0px 1px rgba(255, 255, 255, 0.1) inset",
        "--shadow--elevation-0-popover": "0px 1px 0px 0px rgba(255, 255, 255, 0.4) inset, 1px 0px 0px 0px rgba(255, 255, 255, 0.1) inset, 0px -1px 0px 0px rgba(255, 255, 255, 0.1) inset, -1px 0px 0px 0px rgba(255, 255, 255, 0.1) inset, 0px 1px 0px 0px rgba(255, 255, 255, 0.1) inset",
        "--shadow--elevation-1": "0px 2px 0px 0px rgba(255, 255, 255, 0.4) inset, 0px 0px 0px 1px rgba(255, 255, 255, 0.2) inset",
        "--shadow--field-default": "0px -1px 0px 0px #ffffff inset, 0px 0px 0px 1px rgba(255, 255, 255, 0.25) inset",
        "--shadow--field-error": "0px -1px 0px 0px #d74e26 inset, 0px 0px 0px 1px #d74e26 inset",
        "--shadow--focus-ring": "0px 0px 0px 3px #5f60ff, 0px 0px 0px 1px rgb(0, 0, 0)",
        "--shadow--focus-ring-reverse": "0px 0px 0px 1px rgb(0, 0, 0), 0px 0px 0px 3px #5f60ff",
        "--shadow--focus-ring-thin": "0px 0px 0px 2px #5f60ff, 0px 0px 0px 1px rgb(0, 0, 0)",
        "--shadow--halo-alarm-hover": "0px 0px 0px 1px #f0886a",
        "--shadow--halo-alarm-pressed": "0px 0px 0px 2px #f0886a",
        "--shadow--halo-engage-hover": "0px 0px 0px 1px #9b9cfd",
        "--shadow--halo-engage-pressed": "0px 0px 0px 2px #9b9cfd",
        "--shadow--halo-hover": "0px 0px 0px 1px #8080ff",
        "--shadow--halo-pressed": "0px 0px 0px 2px #2bc275",
        "--shadow--halo-success-hover": "0px 0px 0px 1px #9cd5b8",
        "--shadow--halo-success-pressed": "0px 0px 0px 2px #9cd5b8",
        "--shadow--hover-halo-inwards": "0px 0px 0px 1px #8080ff inset",
        "--shadow--tab-highlight-bottom": "0px -2px 0px 0px rgb(255, 255, 255) inset",
        "--shadow--tab-highlight-bottom-on-fill-primary": "0px -2px 0px 0px rgb(0, 0, 0) inset",
        "--shadow--tab-highlight-left": "2px 0px 0px 0px rgb(255, 255, 255) inset",
        "--shadow--tab-highlight-top": "0px 2px 0px 0px rgb(255, 255, 255) inset",
        "--shadow--underline": "0px -1px 0px 0px rgb(255, 255, 255) inset",
        "background": "rgb(0, 0, 0)",
        "color": "rgb(222, 222, 222)",
      },
    },
  ],
]
`;
