// Jest Snapshot v1, https://goo.gl/fbAQLP

exports[`Table head renders 1`] = `
<div>
  <table>
    <thead
      class="MuiTableHead-root emotion-0"
    >
      <tr
        class="MuiTableRow-root MuiTableRow-head emotion-1"
      >
        <th
          class="MuiTableCell-root MuiTableCell-head MuiTableCell-alignRight MuiTableCell-sizeMedium DhigTableHead--cell emotion-2"
          scope="col"
          tabindex="0"
        >
          Dessert (100g serving)
        </th>
        <th
          class="MuiTableCell-root MuiTableCell-head MuiTableCell-alignLeft MuiTableCell-sizeMedium DhigTableHead--cell emotion-3"
          scope="col"
          tabindex="0"
        >
          Calories
        </th>
        <th
          class="MuiTableCell-root MuiTableCell-head MuiTableCell-alignLeft MuiTableCell-sizeMedium DhigTableHead--cell emotion-3"
          scope="col"
          tabindex="0"
        >
          Fat (g)
        </th>
        <th
          class="MuiTableCell-root MuiTableCell-head MuiTableCell-alignLeft MuiTableCell-sizeMedium DhigTableHead--cell emotion-3"
          scope="col"
          tabindex="0"
        >
          Carbs (g)
        </th>
        <th
          class="MuiTableCell-root MuiTableCell-head MuiTableCell-alignLeft MuiTableCell-sizeMedium DhigTableHead--cell emotion-3"
          scope="col"
          tabindex="0"
        >
          Protein (g)
        </th>
      </tr>
    </thead>
  </table>
</div>
`;
